// Jest Snapshot v1, https://goo.gl/fbAQLP

exports[`<ChatComponent /> should match the snapshot 1`] = `
<Fragment>
  <Styled(Adapter)
    className="channel-detail"
  >
    Channel Detail
  </Styled(Adapter)>
  <Adapter
    style={
      Object {
        "background": "#fff",
        "margin": 0,
        "minHeight": 280,
        "padding": 24,
      }
    }
  >
    <styled.div>
      <styled.div>
        <div>
          <List
            bordered={false}
            dataSource={Array []}
            itemLayout="vertical"
            loading={false}
            pagination={false}
            renderItem={[Function]}
            size="large"
            split={true}
          />
          <div />
        </div>
      </styled.div>
      <ChatInputBox />
    </styled.div>
    <ProfileModal
      toggleModal={[Function]}
      userData={Object {}}
      visible={false}
    />
  </Adapter>
</Fragment>
`;
