// Jest Snapshot v1, https://goo.gl/fbAQLP

exports[`<HomeLayout /> should match the snapshot 1`] = `
<Adapter
  style={
    Object {
      "height": "100vh",
    }
  }
>
  <MainHeader />
  <Adapter
    style={
      Object {
        "height": "100%",
      }
    }
  >
    <Sidebar />
    <Adapter
      style={
        Object {
          "padding": "15px",
        }
      }
    >
      <ChatComponent />
    </Adapter>
  </Adapter>
</Adapter>
`;
