// Jest Snapshot v1, https://goo.gl/fbAQLP

exports[`<LoginPage /> should match the snapshot 1`] = `
<styled.div>
  <img
    alt="logo image"
    className="signup-logo"
    src="/images/logo.png"
  />
  <h1>
    Login to meet your friends!
  </h1>
  <Spin
    size="default"
    spinning={false}
    wrapperClassName=""
  >
    <div
      style={
        Object {
          "display": "block",
          "textAlign": "center",
        }
      }
    >
      <e
        accessType="online"
        buttonText="Login with Google"
        clientId="google-client-id"
        cookiePolicy="single_host_origin"
        disabledStyle={
          Object {
            "opacity": 0.6,
          }
        }
        fetchBasicProfile={true}
        icon={true}
        isSignedIn={false}
        jsSrc="https://apis.google.com/js/api.js"
        onFailure={[Function]}
        onRequest={[Function]}
        onSuccess={[Function]}
        prompt=""
        scope="profile email"
        tag="button"
        theme="dark"
        type="button"
        uxMode="popup"
        width={200}
      />
    </div>
    <br />
    <h3>
       Login the old fashioned way :)
    </h3>
    <Form(LoginForm)
      handleFormSubmit={[Function]}
    />
  </Spin>
</styled.div>
`;
