// Jest Snapshot v1, https://goo.gl/fbAQLP

exports[`<Sidebar /> should match the snapshot 1`] = `
<SideBarContainer>
  <SubMenu
    key="sub1"
    title={
      <span>
        <Icon
          type="usergroup-add"
        />
        <span>
          Channels 
          <Icon
            onClick={[Function]}
            type="plus"
          />
        </span>
      </span>
    }
  />
  <SubMenu
    key="sub2"
    title={
      <span>
        <Icon
          type="user"
        />
        <span>
          People
        </span>
      </span>
    }
  />
  <Complete />
  <AddChannelModal
    toggleModal={[Function]}
    visible={false}
  />
</SideBarContainer>
`;
