// Jest Snapshot v1, https://goo.gl/fbAQLP

exports[`<Sidebar /> should match the snapshot 1`] = `
<SideBarContainer
  activeKey={null}
>
  <SearchBox />
  <SubMenu
    key="sub2"
    title={
      <span>
        <Icon
          type="user"
        />
        <span>
          People
        </span>
      </span>
    }
  />
  <AddChannelModal
    toggleModal={[Function]}
    visible={false}
  />
</SideBarContainer>
`;
