// Jest Snapshot v1, https://goo.gl/fbAQLP

exports[`<MainHeader /> should match the snapshot 1`] = `
<Styled(Adapter)
  className="home-header"
>
  <Row
    gutter={0}
  >
    <Col
      span={12}
    >
      <Row
        align="middle"
        className="main-header-row"
        gutter={0}
        justify="start"
        type="flex"
      >
        <div
          className="main-header-logo-wrapper"
        >
          <Link
            to="/"
          >
            <img
              alt="nu-slack"
              className="main-header-logo"
              src="./images/transparent-logo.png"
            />
          </Link>
          <span
            className="header-text"
          >
              -  
          </span>
          <span
            className="header-text"
          >
            Team (
            --
            )
          </span>
        </div>
      </Row>
    </Col>
    <Col
      span={12}
    >
      <Row
        align="middle"
        className="main-header-row"
        gutter={0}
        justify="end"
        type="flex"
      >
        <styled.div>
          <Link
            to="/profile"
          >
            <h1
              className="user-name"
            />
          </Link>
        </styled.div>
        <Link
          to="/teams"
        >
          <Button
            block={false}
            ghost={false}
            htmlType="button"
            loading={false}
            type="primary"
          >
            Invitations
          </Button>
        </Link>
         
        <TeamsDrawer />
         
        <SmallButton>
          <Icon
            type="logout"
          />
           Logout
        </SmallButton>
      </Row>
    </Col>
  </Row>
</Styled(Adapter)>
`;
