// Jest Snapshot v1, https://goo.gl/fbAQLP

exports[`<MainHeader /> should match the snapshot 1`] = `
<Styled(Adapter)
  className="home-header"
>
  <Row
    gutter={0}
  >
    <Col
      span={12}
    >
      <Row
        align="middle"
        gutter={0}
        justify="start"
        style={
          Object {
            "height": "100px",
          }
        }
        type="flex"
      >
        <Avatar
          icon="user"
          shape="square"
          size={90}
        />
        <styled.div>
          <Link
            to="/profile"
          >
            <h1
              className="user-name"
            />
          </Link>
          <styled.div>
             Team: 
          </styled.div>
        </styled.div>
      </Row>
    </Col>
    <Col
      span={12}
    >
      <Row
        align="middle"
        gutter={0}
        justify="end"
        style={
          Object {
            "height": "100px",
          }
        }
        type="flex"
      >
        <Link
          to="/teams"
        >
          <Button
            block={false}
            ghost={false}
            htmlType="button"
            loading={false}
            type="primary"
          >
            Invitations
          </Button>
        </Link>
         
        <TeamsDrawer />
         
        <SmallButton>
          <Icon
            type="logout"
          />
           Logout
        </SmallButton>
      </Row>
    </Col>
  </Row>
</Styled(Adapter)>
`;
